[2026-07-20 09:34:31] Octree sensitivity sweep: 14 of 14 geometries pending.
[2026-07-20 09:34:31] START Hex72 (nRuns=50)
[2026-07-20 10:09:50] DONE Hex72 in 0.59 h
[2026-07-20 10:09:50] START Hex243 (nRuns=50)
[2026-07-20 10:55:04] DONE Hex243 in 0.75 h
[2026-07-20 10:55:04] START Poly264 (nRuns=50)
[2026-07-20 11:44:31] DONE Poly264 in 0.82 h
[2026-07-20 11:44:31] START Tet137 (nRuns=50)
[2026-07-20 12:25:01] DONE Tet137 in 0.68 h
[2026-07-20 12:25:01] START Tet298 (nRuns=50)
[2026-07-20 13:21:27] DONE Tet298 in 0.94 h
[2026-07-20 13:21:27] START Tet427 (nRuns=50)
[2026-07-20 14:27:44] DONE Tet427 in 1.10 h
[2026-07-20 14:27:44] START Poly468 (nRuns=50)
[2026-07-20 15:24:20] DONE Poly468 in 0.94 h
[2026-07-20 15:24:20] START Hex576 (nRuns=50)
[2026-07-20 16:34:38] DONE Hex576 in 1.17 h
[2026-07-20 16:34:38] START Poly940 (nRuns=50)
[2026-07-20 17:53:29] DONE Poly940 in 1.31 h
[2026-07-20 17:53:29] START Hex1125 (nRuns=100)
[2026-07-20 20:39:17] DONE Hex1125 in 2.76 h
[2026-07-20 20:39:17] START Tet1331 (nRuns=100)
[2026-07-21 00:44:50] DONE Tet1331 in 4.09 h
[2026-07-21 00:44:50] START Tet1820 (nRuns=100)
[2026-07-21 06:01:29] DONE Tet1820 in 5.28 h
[2026-07-21 06:01:29] START Hex1944 (nRuns=100)
[2026-07-21 09:40:11] DONE Hex1944 in 3.64 h
[2026-07-21 09:40:11] START Poly1560 (nRuns=100)
[2026-07-21 13:03:18] DONE Poly1560 in 3.39 h
[2026-07-21 13:03:18] Optimisation sweep complete.
